[lxshopofficial.netlify.app/index.html]
[backblue.gif]
[fade.gif]
[index.html]
[lxshopofficial.netlify.app/assets/img/updateindex.png]
[lxshopofficial.netlify.app/assets/img/lxnegronew.png]
[static.elfsight.com/platform/platform.js]
[lxshopofficial.netlify.app/assets/vendor/aos/aos.css]
[lxshopofficial.netlify.app/assets/vendor/bootstrap/css/bootstrap.min.css]
[lxshopofficial.netlify.app/assets/vendor/bootstrap-icons/bootstrap-icons.css]
[lxshopofficial.netlify.app/assets/vendor/boxicons/css/boxicons.min.css]
[lxshopofficial.netlify.app/assets/vendor/glightbox/css/glightbox.min.css]
[lxshopofficial.netlify.app/assets/vendor/remixicon/remixicon.css]
[lxshopofficial.netlify.app/assets/vendor/swiper/swiper-bundle.min.css]
[lxshopofficial.netlify.app/assets/css/style.css]
[lxshopofficial.netlify.app/tiendalx.html]
[lxshopofficial.netlify.app/genpass.html]
[lxshopofficial.netlify.app/appelation.html]
[lxshopofficial.netlify.app/sponsors.html]
[lxshopofficial.netlify.app/webhookcontroller.html]
[lxshopofficial.netlify.app/generateqr.html]
[lxshopofficial.netlify.app/partners.html]
[lxshopofficial.netlify.app/donaciones.html]
[code.jquery.com/jquery-3.4.1.min.js]
[lxshopofficial.netlify.app/assets/img/lxleaksanimated.gif]
[lxshopofficial.netlify.app/assets/js/app.15.delayed]
[lxshopofficial.netlify.app/assets/img/reshadeicon.png]
[lxshopofficial.netlify.app/assets/img/discord.gif]
[lxshopofficial.netlify.app/assets/download/ReShade_Setup_5.8.0.exe]
[lxshopofficial.netlify.app/assets/img/rayo.gif]
[lxshopofficial.netlify.app/assets/img/purple_lean.png]
[lxshopofficial.netlify.app/assets/img/bandcat.webp]
[lxshopofficial.netlify.app/assets/img/mask.webp]
[lxshopofficial.netlify.app/assets/img/c9d1a44d412ca75df17ab19c3aeb6790.webp]
[lxshopofficial.netlify.app/assets/img/v.gif]
[lxshopofficial.netlify.app/assets/img/closyncccc2.webp]
[lxshopofficial.netlify.app/assets/img/trazzstaff.webp]
[lxshopofficial.netlify.app/assets/img/a_ab0be4088e9ae8955b3f37d061b13b08.gif]
[lxshopofficial.netlify.app/assets/img/186961eb4bf0dacddfe04adf1feeb311.webp]
[lxshopofficial.netlify.app/assets/img/ak.gif]
[lxshopofficial.netlify.app/assets/img/compradores/tarron.webp]
[lxshopofficial.netlify.app/assets/img/nike.png]
[lxshopofficial.netlify.app/assets/img/purple_star.gif]
[lxshopofficial.netlify.app/assets/img/compradores/baba.gif]
[lxshopofficial.netlify.app/assets/img/compradores/ibai.webp]
[lxshopofficial.netlify.app/assets/img/compradores/montana.webp]
[lxshopofficial.netlify.app/assets/img/r3ki.webp]
[lxshopofficial.netlify.app/assets/img/osmell.png]
[lxshopofficial.netlify.app/assets/img/ienas.webp]
[lxshopofficial.netlify.app/assets/img/klk.png]
[lxshopofficial.netlify.app/assets/img/vertex.webp]
[lxshopofficial.netlify.app/assets/img/white_starly.gif]
[lxshopofficial.netlify.app/assets/img/dublin.png]
[lxshopofficial.netlify.app/assets/img/locura_pura.gif]
[lxshopofficial.netlify.app/assets/img/prieto.png]
[lxshopofficial.netlify.app/assets/img/gatotravieso.gif]
[lxshopofficial.netlify.app/assets/img/manzano.png]
[lxshopofficial.netlify.app/assets/img/spooky.webp]
[lxshopofficial.netlify.app/assets/img/fakke.webp]
[lxshopofficial.netlify.app/assets/img/leewiis.gif]
[lxshopofficial.netlify.app/assets/img/ynw.webp]
[lxshopofficial.netlify.app/assets/img/pinguino.gif]
[lxshopofficial.netlify.app/assets/img/chenike.gif]
[lxshopofficial.netlify.app/assets/img/carmelo.png]
[lxshopofficial.netlify.app/assets/img/alex.png]
[lxshopofficial.netlify.app/assets/img/algeciras.png]
[lxshopofficial.netlify.app/assets/img/chaneel.png]
[lxshopofficial.netlify.app/assets/img/klixx.png]
[lxshopofficial.netlify.app/assets/img/aleeex.png]
[lxshopofficial.netlify.app/assets/img/biiits.png]
[lxshopofficial.netlify.app/assets/img/sanvaa.gif]
[lxshopofficial.netlify.app/assets/img/prietohd.png]
[lxshopofficial.netlify.app/assets/img/mochilote.gif]
[lxshopofficial.netlify.app/assets/img/arc.png]
[lxshopofficial.netlify.app/assets/img/spicy.png]
[lxshopofficial.netlify.app/assets/img/rapidoyfurioso.png]
[lxshopofficial.netlify.app/assets/img/pikolopika.png]
[lxshopofficial.netlify.app/assets/img/more.png]
[lxshopofficial.netlify.app/assets/img/reduan.webp]
[lxshopofficial.netlify.app/assets/img/marcogp.webp]
[lxshopofficial.netlify.app/assets/img/jumpersito.webp]
[lxshopofficial.netlify.app/assets/img/morroloko.webp]
[lxshopofficial.netlify.app/assets/img/yeray.webp]
[lxshopofficial.netlify.app/assets/img/adri.webp]
[lxshopofficial.netlify.app/assets/img/l.uckyy.webp]
[lxshopofficial.netlify.app/assets/img/gallo.gif]
[lxshopofficial.netlify.app/assets/img/makens.webp]
[lxshopofficial.netlify.app/assets/img/moha.webp]
[lxshopofficial.netlify.app/assets/img/abla.webp]
[lxshopofficial.netlify.app/assets/img/blyseed.webp]
[lxshopofficial.netlify.app/assets/img/petazeta.webp]
[lxshopofficial.netlify.app/assets/img/wichi.webp]
[lxshopofficial.netlify.app/assets/img/marisco.gif]
[lxshopofficial.netlify.app/assets/img/feel.gif]
[lxshopofficial.netlify.app/assets/img/alexla.webp]
[lxshopofficial.netlify.app/assets/img/rednew.webp]
[lxshopofficial.netlify.app/assets/img/lionkk.webp]
[lxshopofficial.netlify.app/assets/img/paulita.gif]
[lxshopofficial.netlify.app/assets/img/esteban.webp]
[lxshopofficial.netlify.app/assets/img/mohaelmoro.gif]
[lxshopofficial.netlify.app/assets/img/juanjo.webp]
[lxshopofficial.netlify.app/assets/img/mixmarki.webp]
[lxshopofficial.netlify.app/assets/img/pablochin.gif]
[lxshopofficial.netlify.app/assets/img/siulix.webp]
[lxshopofficial.netlify.app/assets/img/232f.webp]
[lxshopofficial.netlify.app/assets/img/malfraa.webp]
[lxshopofficial.netlify.app/assets/img/balbin_.webp]
[lxshopofficial.netlify.app/assets/img/alkimedes.webp]
[lxshopofficial.netlify.app/assets/img/zzz.webp]
[lxshopofficial.netlify.app/assets/img/wolfizzzzz.gif]
[lxshopofficial.netlify.app/assets/img/lizyo.webp]
[lxshopofficial.netlify.app/assets/img/saisser.gif]
[lxshopofficial.netlify.app/assets/img/tjelmejor.webp]
[lxshopofficial.netlify.app/assets/img/ernano.webp]
[lxshopofficial.netlify.app/assets/img/unicosrp.webp]
[lxshopofficial.netlify.app/assets/img/toak.webp]
[lxshopofficial.netlify.app/assets/img/pvblk.webp]
[lxshopofficial.netlify.app/assets/img/ellocozano.png]
[lxshopofficial.netlify.app/assets/img/danizzz.webp]
[lxshopofficial.netlify.app/assets/img/alexelbaba.png]
[lxshopofficial.netlify.app/assets/img/shadow.png]
[lxshopofficial.netlify.app/assets/img/nahu.gif]
[lxshopofficial.netlify.app/assets/img/t4.webp]
[lxshopofficial.netlify.app/assets/img/blacky.webp]
[lxshopofficial.netlify.app/assets/img/thetrax.gif]
[lxshopofficial.netlify.app/assets/img/mantas.webp]
[lxshopofficial.netlify.app/assets/img/blessedgay.webp]
[lxshopofficial.netlify.app/assets/img/mikyv.webp]
[lxshopofficial.netlify.app/assets/img/zmbado.webp]
[lxshopofficial.netlify.app/assets/img/userrr.gif]
[lxshopofficial.netlify.app/assets/img/97c7b4fa5cab90f439b6ea8e0e97c8a0.webp]
[lxshopofficial.netlify.app/assets/img/23624a2fbb33e212aa34c58fad1f80c8.webp]
[lxshopofficial.netlify.app/assets/img/2ac01b5ff880a325b15528293a4d1d60.webp]
[lxshopofficial.netlify.app/assets/img/waxy.webp]
[lxshopofficial.netlify.app/assets/img/champi.gif]
[lxshopofficial.netlify.app/assets/img/elborjita.webp]
[lxshopofficial.netlify.app/assets/img/reloy.webp]
[lxshopofficial.netlify.app/assets/img/kenynz.webp]
[lxshopofficial.netlify.app/assets/img/miguelito.webp]
[lxshopofficial.netlify.app/assets/img/juanchi.gif]
[lxshopofficial.netlify.app/assets/img/marking.gif]
[lxshopofficial.netlify.app/assets/img/ahreem.png]
[lxshopofficial.netlify.app/assets/img/joka.webp]
[lxshopofficial.netlify.app/assets/img/julito.webp]
[lxshopofficial.netlify.app/assets/img/ee1d9d54e1cc1825dbdb70efd5abb668.webp]
[lxshopofficial.netlify.app/assets/img/mvargas.webp]
[lxshopofficial.netlify.app/assets/img/daaani14.webp]
[lxshopofficial.netlify.app/assets/img/zzzexe.webp]
[lxshopofficial.netlify.app/assets/img/flakx.webp]
[lxshopofficial.netlify.app/assets/img/9kindeer.gif]
[lxshopofficial.netlify.app/assets/img/deiv.webp]
[lxshopofficial.netlify.app/assets/img/a_ab7b63f6d84d8f62254b4cddd28e6c88.gif]
[lxshopofficial.netlify.app/assets/img/1c10f817f55bba9ed7b0e98c8a977de0.png]
[lxshopofficial.netlify.app/assets/img/3eda26c499fa94cdb5ace1c762f8f5da.png]
[lxshopofficial.netlify.app/assets/img/knd.webp]
[lxshopofficial.netlify.app/assets/img/bruja.webp]
[lxshopofficial.netlify.app/assets/img/8c926410d150cc7b6ce09792d6a318eb.webp]
[lxshopofficial.netlify.app/assets/img/a_842c692cc26f0de828424966734dc339.gif]
[lxshopofficial.netlify.app/assets/img/7be9b703a38f8d64c062e163374b6884.webp]
[lxshopofficial.netlify.app/assets/img/a_a21817ad65fb1ea019b11f4b49acf092.gif]
[lxshopofficial.netlify.app/assets/img/mapache.webp]
[lxshopofficial.netlify.app/assets/img/5ef71c5f658f81899b7a358e0ad0fe1d.webp]
[lxshopofficial.netlify.app/assets/img/eviljvg.webp]
[lxshopofficial.netlify.app/assets/img/atomi.webp]
[lxshopofficial.netlify.app/assets/img/new.png]
[lxshopofficial.netlify.app/assets/img/lxsinfondo.png]
[lxshopofficial.netlify.app/POST.a2.delayed]
[lxshopofficial.netlify.app/assets/vendor/aos/aos.js]
[lxshopofficial.netlify.app/assets/vendor/bootstrap/js/bootstrap.bundle.min.js]
[lxshopofficial.netlify.app/assets/vendor/glightbox/js/glightbox.min.js]
[lxshopofficial.netlify.app/assets/vendor/purecounter/purecounter.js]
[lxshopofficial.netlify.app/assets/vendor/swiper/swiper-bundle.min.js]
[lxshopofficial.netlify.app/index.html]
[lxshopofficial.netlify.app/assets/vendor/aos/aos.css]
[lxshopofficial.netlify.app/assets/vendor/bootstrap/css/bootstrap.min.css]
[lxshopofficial.netlify.app/assets/vendor/bootstrap-icons/bootstrap-icons.css]
[lxshopofficial.netlify.app/assets/vendor/boxicons/css/boxicons.min.css]
[lxshopofficial.netlify.app/assets/vendor/glightbox/css/glightbox.min.css]
[lxshopofficial.netlify.app/assets/vendor/remixicon/remixicon.css]
[lxshopofficial.netlify.app/assets/vendor/swiper/swiper-bundle.min.css]
[lxshopofficial.netlify.app/assets/css/style.css]
[lxshopofficial.netlify.app/tiendalx.html]
[lxshopofficial.netlify.app/genpass.html]
[lxshopofficial.netlify.app/appelation.html]
[lxshopofficial.netlify.app/sponsors.html]
[lxshopofficial.netlify.app/webhookcontroller.html]
[lxshopofficial.netlify.app/generateqr.html]
[lxshopofficial.netlify.app/partners.html]
[lxshopofficial.netlify.app/donaciones.html]
[lxshopofficial.netlify.app/assets/js/app.html]
[lxshopofficial.netlify.app/POST.html]
[lxshopofficial.netlify.app/assets/js/main.js]
